// Jest Snapshot v1, https://goo.gl/fbAQLP

exports[`renders correctly App 1`] = `
<View
  style={
    Object {
      "flex": 1,
    }
  }
>
  <View
    style={
      Object {
        "flex": 1,
      }
    }
  >
    <RNCSafeAreaProvider
      onInsetsChange={[Function]}
      style={
        Array [
          Object {
            "flex": 1,
          },
          undefined,
        ]
      }
    >
      <View
        onLayout={[Function]}
        style={
          Object {
            "flex": 1,
          }
        }
      >
        <View
          pointerEvents="box-none"
          style={
            Object {
              "bottom": 0,
              "left": 0,
              "position": "absolute",
              "right": 0,
              "top": 0,
            }
          }
        >
          <View
            collapsable={false}
            style={
              Object {
                "opacity": 1,
              }
            }
          />
          <View
            accessibilityElementsHidden={false}
            closing={false}
            gestureVelocityImpact={0.3}
            importantForAccessibility="auto"
            onClose={[Function]}
            onGestureBegin={[Function]}
            onGestureCanceled={[Function]}
            onGestureEnd={[Function]}
            onOpen={[Function]}
            onTransition={[Function]}
            pointerEvents="box-none"
            style={
              Array [
                Object {
                  "overflow": undefined,
                },
                Object {
                  "bottom": 0,
                  "left": 0,
                  "position": "absolute",
                  "right": 0,
                  "top": 0,
                },
              ]
            }
            transitionSpec={
              Object {
                "close": Object {
                  "animation": "spring",
                  "config": Object {
                    "damping": 500,
                    "mass": 3,
                    "overshootClamping": true,
                    "restDisplacementThreshold": 10,
                    "restSpeedThreshold": 10,
                    "stiffness": 1000,
                  },
                },
                "open": Object {
                  "animation": "spring",
                  "config": Object {
                    "damping": 500,
                    "mass": 3,
                    "overshootClamping": true,
                    "restDisplacementThreshold": 10,
                    "restSpeedThreshold": 10,
                    "stiffness": 1000,
                  },
                },
              }
            }
          >
            <View
              needsOffscreenAlphaCompositing={false}
              pointerEvents="box-none"
              style={
                Object {
                  "flex": 1,
                }
              }
            >
              <View
                collapsable={false}
                forwardedRef={[Function]}
                onGestureHandlerEvent={[Function]}
                onGestureHandlerStateChange={[Function]}
                style={
                  Object {
                    "flex": 1,
                    "transform": Array [
                      Object {
                        "translateX": 0,
                      },
                      Object {
                        "translateX": 0,
                      },
                    ],
                  }
                }
              >
                <View
                  pointerEvents="none"
                  style={
                    Object {
                      "backgroundColor": "rgb(242, 242, 242)",
                      "bottom": 0,
                      "left": 0,
                      "position": "absolute",
                      "shadowColor": "#000",
                      "shadowOffset": Object {
                        "height": 1,
                        "width": -1,
                      },
                      "shadowOpacity": 0.3,
                      "shadowRadius": 5,
                      "top": 0,
                      "width": 3,
                    }
                  }
                />
                <View
                  style={
                    Array [
                      Object {
                        "flex": 1,
                        "overflow": "hidden",
                      },
                      Array [
                        Object {
                          "backgroundColor": "rgb(242, 242, 242)",
                        },
                        undefined,
                      ],
                    ]
                  }
                >
                  <View
                    style={
                      Object {
                        "flex": 1,
                        "flexDirection": "column-reverse",
                      }
                    }
                  >
                    <View
                      style={
                        Object {
                          "flex": 1,
                        }
                      }
                    >
                      <View>
                        <Image
                          source={1}
                        />
                        <View
                          style={Object {}}
                        >
                          <View
                            style={
                              Array [
                                Object {
                                  "backgroundColor": "#F4F4FE",
                                  "borderColor": "#E7E8FA",
                                  "borderRadius": 4,
                                  "borderWidth": 1,
                                  "minHeight": 40,
                                  "paddingHorizontal": 8,
                                  "paddingVertical": 7,
                                },
                                Object {
                                  "alignItems": "center",
                                  "flexDirection": "row",
                                  "width": "100%",
                                },
                              ]
                            }
                          >
                            <TextInput
                              allowFontScaling={true}
                              appearance="default"
                              editable={true}
                              onBlur={[Function]}
                              onChange={[Function]}
                              onChangeText={[Function]}
                              onFocus={[Function]}
                              onMouseEnter={[Function]}
                              onMouseLeave={[Function]}
                              placeHolder="Login"
                              placeholderTextColor="#A3A4D4"
                              readonly={false}
                              rejectResponderTermination={true}
                              required={true}
                              secureTextEntry={false}
                              size="medium"
                              style={
                                Array [
                                  Object {
                                    "color": "#2A2C76",
                                    "fontFamily": "System",
                                    "fontSize": 15,
                                    "fontWeight": "normal",
                                    "marginHorizontal": 8,
                                  },
                                  Object {
                                    "flexBasis": "auto",
                                    "flexGrow": 1,
                                    "flexShrink": 1,
                                  },
                                  null,
                                  undefined,
                                ]
                              }
                              type="text"
                              underlineColorAndroid="transparent"
                              value="juju_beber"
                            />
                          </View>
                          <View
                            style={
                              Array [
                                Object {
                                  "marginTop": 4,
                                },
                                Object {
                                  "alignItems": "center",
                                  "flexDirection": "row",
                                },
                              ]
                            }
                          />
                        </View>
                        <View
                          style={Object {}}
                        >
                          <View
                            style={
                              Array [
                                Object {
                                  "backgroundColor": "#F4F4FE",
                                  "borderColor": "#E7E8FA",
                                  "borderRadius": 4,
                                  "borderWidth": 1,
                                  "minHeight": 40,
                                  "paddingHorizontal": 8,
                                  "paddingVertical": 7,
                                },
                                Object {
                                  "alignItems": "center",
                                  "flexDirection": "row",
                                  "width": "100%",
                                },
                              ]
                            }
                          >
                            <TextInput
                              allowFontScaling={true}
                              appearance="default"
                              editable={true}
                              onBlur={[Function]}
                              onChange={[Function]}
                              onChangeText={[Function]}
                              onFocus={[Function]}
                              onMouseEnter={[Function]}
                              onMouseLeave={[Function]}
                              placeholder="Password"
                              placeholderTextColor="#A3A4D4"
                              readonly={false}
                              rejectResponderTermination={true}
                              required={true}
                              secureTextEntry={true}
                              size="medium"
                              style={
                                Array [
                                  Object {
                                    "color": "#2A2C76",
                                    "fontFamily": "System",
                                    "fontSize": 15,
                                    "fontWeight": "normal",
                                    "marginHorizontal": 8,
                                  },
                                  Object {
                                    "flexBasis": "auto",
                                    "flexGrow": 1,
                                    "flexShrink": 1,
                                  },
                                  null,
                                  undefined,
                                ]
                              }
                              type="password"
                              underlineColorAndroid="transparent"
                              value="jujubeberhot"
                            />
                          </View>
                          <View
                            style={
                              Array [
                                Object {
                                  "marginTop": 4,
                                },
                                Object {
                                  "alignItems": "center",
                                  "flexDirection": "row",
                                },
                              ]
                            }
                          />
                        </View>
                        <View>
                          <View
                            accessible={true}
                            focusable={true}
                            onClick={[Function]}
                            onResponderGrant={[Function]}
                            onResponderMove={[Function]}
                            onResponderRelease={[Function]}
                            onResponderTerminate={[Function]}
                            onResponderTerminationRequest={[Function]}
                            onStartShouldSetResponder={[Function]}
                            style={
                              Object {
                                "alignItems": "center",
                                "backgroundColor": "#2A2C76",
                                "borderColor": "#DFE0F7",
                                "borderRadius": 4,
                                "borderWidth": 1,
                                "flexDirection": "row",
                                "justifyContent": "center",
                                "minHeight": 40,
                                "minWidth": 40,
                                "opacity": 1,
                                "paddingHorizontal": 10,
                                "paddingVertical": 12,
                              }
                            }
                          >
                            <Text
                              appearance="default"
                              category="p1"
                              style={
                                Array [
                                  Object {
                                    "color": "#2A2C76",
                                    "fontFamily": "System",
                                    "fontSize": 15,
                                    "fontWeight": "400",
                                  },
                                  Object {
                                    "color": "#F9F9FE",
                                    "fontFamily": "System",
                                    "fontSize": 14,
                                    "fontWeight": "bold",
                                    "marginHorizontal": 10,
                                  },
                                ]
                              }
                            >
                              Login
                            </Text>
                          </View>
                          <View
                            accessible={true}
                            focusable={true}
                            onClick={[Function]}
                            onResponderGrant={[Function]}
                            onResponderMove={[Function]}
                            onResponderRelease={[Function]}
                            onResponderTerminate={[Function]}
                            onResponderTerminationRequest={[Function]}
                            onStartShouldSetResponder={[Function]}
                            style={
                              Object {
                                "alignItems": "center",
                                "backgroundColor": "#2A2C76",
                                "borderColor": "#DFE0F7",
                                "borderRadius": 4,
                                "borderWidth": 1,
                                "flexDirection": "row",
                                "justifyContent": "center",
                                "minHeight": 40,
                                "minWidth": 40,
                                "opacity": 1,
                                "paddingHorizontal": 10,
                                "paddingVertical": 12,
                              }
                            }
                          >
                            <Text
                              appearance="default"
                              category="p1"
                              style={
                                Array [
                                  Object {
                                    "color": "#2A2C76",
                                    "fontFamily": "System",
                                    "fontSize": 15,
                                    "fontWeight": "400",
                                  },
                                  Object {
                                    "color": "#F9F9FE",
                                    "fontFamily": "System",
                                    "fontSize": 14,
                                    "fontWeight": "bold",
                                    "marginHorizontal": 10,
                                  },
                                ]
                              }
                            >
                              SignUp
                            </Text>
                          </View>
                          <View
                            accessible={true}
                            focusable={true}
                            onClick={[Function]}
                            onResponderGrant={[Function]}
                            onResponderMove={[Function]}
                            onResponderRelease={[Function]}
                            onResponderTerminate={[Function]}
                            onResponderTerminationRequest={[Function]}
                            onStartShouldSetResponder={[Function]}
                            style={
                              Object {
                                "alignItems": "center",
                                "backgroundColor": "#2A2C76",
                                "borderColor": "#DFE0F7",
                                "borderRadius": 4,
                                "borderWidth": 1,
                                "flexDirection": "row",
                                "justifyContent": "center",
                                "minHeight": 40,
                                "minWidth": 40,
                                "opacity": 1,
                                "paddingHorizontal": 10,
                                "paddingVertical": 12,
                              }
                            }
                          >
                            <Text
                              appearance="default"
                              category="p1"
                              style={
                                Array [
                                  Object {
                                    "color": "#2A2C76",
                                    "fontFamily": "System",
                                    "fontSize": 15,
                                    "fontWeight": "400",
                                  },
                                  Object {
                                    "color": "#F9F9FE",
                                    "fontFamily": "System",
                                    "fontSize": 14,
                                    "fontWeight": "bold",
                                    "marginHorizontal": 10,
                                  },
                                ]
                              }
                            >
                              Forgot your password?
                            </Text>
                          </View>
                        </View>
                      </View>
                    </View>
                  </View>
                </View>
              </View>
            </View>
          </View>
        </View>
      </View>
    </RNCSafeAreaProvider>
  </View>
</View>
`;
