// Jest Snapshot v1, https://goo.gl/fbAQLP

exports[`renders correctly the chart 1`] = `
<View
  style={
    Object {
      "flex": 1,
    }
  }
>
  <View
    style={
      Object {
        "height": 500,
      }
    }
  >
    <View
      style={
        Array [
          undefined,
          Object {
            "height": "100%",
            "width": "100%",
          },
        ]
      }
    >
      <View
        style={
          Array [
            Object {
              "flex": 1,
              "overflow": "hidden",
            },
            undefined,
          ]
        }
      >
        <RNCWebView
          automaticallyAdjustContentInsets={true}
          cacheEnabled={true}
          domStorageEnabled={true}
          injectedJavaScriptBeforeContentLoadedForMainFrameOnly={true}
          injectedJavaScriptForMainFrameOnly={true}
          javaScriptEnabled={true}
          messagingEnabled={true}
          mixedContentMode="compatibility"
          onContentProcessDidTerminate={[Function]}
          onHttpError={[Function]}
          onLoad={[Function]}
          onLoadingError={[Function]}
          onLoadingFinish={[Function]}
          onLoadingProgress={[Function]}
          onLoadingStart={[Function]}
          onMessage={[Function]}
          onShouldStartLoadWithRequest={[Function]}
          scrollEnabled={false}
          source={
            Object {
              "__packager_asset": true,
              "height": 1,
              "scale": 1,
              "uri": "file://assets/full/path/to/directory/name.type",
              "width": 1,
            }
          }
          style={
            Array [
              Object {
                "flex": 1,
                "overflow": "hidden",
              },
              Object {
                "backgroundColor": "#ffffff",
              },
              Object {
                "backgroundColor": "transparent",
                "flex": 1,
              },
            ]
          }
          useSharedProcessPool={true}
          useWebkit={true}
        />
      </View>
    </View>
  </View>
</View>
`;
