// Jest Snapshot v1, https://goo.gl/fbAQLP

exports[`Login renders correctly 1`] = `
<View
  style={
    Object {
      "flex": 1,
    }
  }
>
  <View>
    <Image
      source={1}
      testID="logo_Register"
    />
    <Text
      appearance="default"
      category="p1"
      style={
        Array [
          Object {
            "color": "#222B45",
            "fontFamily": "System",
            "fontSize": 15,
            "fontWeight": "400",
          },
          undefined,
        ]
      }
    >
      Register a new account
    </Text>
    <View
      style={Object {}}
    >
      <View
        style={
          Array [
            Object {
              "backgroundColor": "#F7F9FC",
              "borderColor": "#FF3D71",
              "borderRadius": 4,
              "borderWidth": 1,
              "minHeight": 40,
              "paddingHorizontal": 8,
              "paddingVertical": 7,
            },
            Object {
              "alignItems": "center",
              "flexDirection": "row",
              "width": "100%",
            },
          ]
        }
      >
        <TextInput
          allowFontScaling={true}
          appearance="default"
          editable={true}
          onBlur={[Function]}
          onChange={[Function]}
          onChangeText={[Function]}
          onFocus={[Function]}
          onMouseEnter={[Function]}
          onMouseLeave={[Function]}
          onValidation={[Function]}
          placeholder="Email"
          placeholderTextColor="#8F9BB3"
          readonly={false}
          rejectResponderTermination={true}
          required={true}
          secureTextEntry={false}
          size="medium"
          status="danger"
          style={
            Array [
              Object {
                "color": "#222B45",
                "fontFamily": "System",
                "fontSize": 15,
                "fontWeight": "normal",
                "marginHorizontal": 8,
              },
              Object {
                "flexBasis": "auto",
                "flexGrow": 1,
                "flexShrink": 1,
              },
              null,
              undefined,
            ]
          }
          testID="email"
          type="text"
          underlineColorAndroid="transparent"
          value=""
        />
      </View>
      <View
        style={
          Array [
            Object {
              "marginTop": 4,
            },
            Object {
              "alignItems": "center",
              "flexDirection": "row",
            },
          ]
        }
      >
        <Text
          appearance="default"
          category="p1"
          style={
            Array [
              Object {
                "color": "#222B45",
                "fontFamily": "System",
                "fontSize": 15,
                "fontWeight": "400",
              },
              Array [
                Object {
                  "color": "#FF3D71",
                  "fontFamily": "System",
                  "fontSize": 12,
                  "fontWeight": "400",
                },
                Object {
                  "textAlign": "left",
                },
              ],
            ]
          }
        >
          It's not a valid e-mail
        </Text>
      </View>
    </View>
    <View
      style={Object {}}
    >
      <View
        style={
          Array [
            Object {
              "backgroundColor": "#F7F9FC",
              "borderColor": "#FF3D71",
              "borderRadius": 4,
              "borderWidth": 1,
              "minHeight": 40,
              "paddingHorizontal": 8,
              "paddingVertical": 7,
            },
            Object {
              "alignItems": "center",
              "flexDirection": "row",
              "width": "100%",
            },
          ]
        }
      >
        <TextInput
          allowFontScaling={true}
          appearance="default"
          editable={true}
          onBlur={[Function]}
          onChange={[Function]}
          onChangeText={[Function]}
          onFocus={[Function]}
          onMouseEnter={[Function]}
          onMouseLeave={[Function]}
          onValidation={[Function]}
          placeholder="Username"
          placeholderTextColor="#8F9BB3"
          readonly={false}
          rejectResponderTermination={true}
          required={true}
          secureTextEntry={false}
          size="medium"
          status="danger"
          style={
            Array [
              Object {
                "color": "#222B45",
                "fontFamily": "System",
                "fontSize": 15,
                "fontWeight": "normal",
                "marginHorizontal": 8,
              },
              Object {
                "flexBasis": "auto",
                "flexGrow": 1,
                "flexShrink": 1,
              },
              null,
              undefined,
            ]
          }
          testID="username"
          type="text"
          underlineColorAndroid="transparent"
          value=""
        />
      </View>
      <View
        style={
          Array [
            Object {
              "marginTop": 4,
            },
            Object {
              "alignItems": "center",
              "flexDirection": "row",
            },
          ]
        }
      >
        <Text
          appearance="default"
          category="p1"
          style={
            Array [
              Object {
                "color": "#222B45",
                "fontFamily": "System",
                "fontSize": 15,
                "fontWeight": "400",
              },
              Array [
                Object {
                  "color": "#FF3D71",
                  "fontFamily": "System",
                  "fontSize": 12,
                  "fontWeight": "400",
                },
                Object {
                  "textAlign": "left",
                },
              ],
            ]
          }
        >
          An username is required
        </Text>
      </View>
    </View>
    <View
      style={Object {}}
    >
      <View
        style={
          Array [
            Object {
              "backgroundColor": "#F7F9FC",
              "borderColor": "#FF3D71",
              "borderRadius": 4,
              "borderWidth": 1,
              "minHeight": 40,
              "paddingHorizontal": 8,
              "paddingVertical": 7,
            },
            Object {
              "alignItems": "center",
              "flexDirection": "row",
              "width": "100%",
            },
          ]
        }
      >
        <TextInput
          allowFontScaling={true}
          appearance="default"
          editable={true}
          onBlur={[Function]}
          onChange={[Function]}
          onChangeText={[Function]}
          onFocus={[Function]}
          onMouseEnter={[Function]}
          onMouseLeave={[Function]}
          onValidation={[Function]}
          placeholder="Password"
          placeholderTextColor="#8F9BB3"
          readonly={false}
          rejectResponderTermination={true}
          required={true}
          secureTextEntry={true}
          size="medium"
          status="danger"
          style={
            Array [
              Object {
                "color": "#222B45",
                "fontFamily": "System",
                "fontSize": 15,
                "fontWeight": "normal",
                "marginHorizontal": 8,
              },
              Object {
                "flexBasis": "auto",
                "flexGrow": 1,
                "flexShrink": 1,
              },
              null,
              undefined,
            ]
          }
          testID="password1"
          type="password"
          underlineColorAndroid="transparent"
          value=""
        />
      </View>
      <View
        style={
          Array [
            Object {
              "marginTop": 4,
            },
            Object {
              "alignItems": "center",
              "flexDirection": "row",
            },
          ]
        }
      >
        <Text
          appearance="default"
          category="p1"
          style={
            Array [
              Object {
                "color": "#222B45",
                "fontFamily": "System",
                "fontSize": 15,
                "fontWeight": "400",
              },
              Array [
                Object {
                  "color": "#FF3D71",
                  "fontFamily": "System",
                  "fontSize": 12,
                  "fontWeight": "400",
                },
                Object {
                  "textAlign": "left",
                },
              ],
            ]
          }
        >
          Need 8 characters / A number is required / An uppercase is required / 
        </Text>
      </View>
    </View>
    <View
      style={Object {}}
    >
      <View
        style={
          Array [
            Object {
              "backgroundColor": "#F7F9FC",
              "borderColor": "#00E096",
              "borderRadius": 4,
              "borderWidth": 1,
              "minHeight": 40,
              "paddingHorizontal": 8,
              "paddingVertical": 7,
            },
            Object {
              "alignItems": "center",
              "flexDirection": "row",
              "width": "100%",
            },
          ]
        }
      >
        <TextInput
          allowFontScaling={true}
          appearance="default"
          editable={true}
          onBlur={[Function]}
          onChange={[Function]}
          onChangeText={[Function]}
          onFocus={[Function]}
          onMouseEnter={[Function]}
          onMouseLeave={[Function]}
          placeholder="Reapeat password"
          placeholderTextColor="#8F9BB3"
          readonly={false}
          rejectResponderTermination={true}
          required={true}
          secureTextEntry={true}
          size="medium"
          status="success"
          style={
            Array [
              Object {
                "color": "#222B45",
                "fontFamily": "System",
                "fontSize": 15,
                "fontWeight": "normal",
                "marginHorizontal": 8,
              },
              Object {
                "flexBasis": "auto",
                "flexGrow": 1,
                "flexShrink": 1,
              },
              null,
              undefined,
            ]
          }
          testID="password2"
          type="password"
          underlineColorAndroid="transparent"
          value=""
        />
      </View>
      <View
        style={
          Array [
            Object {
              "marginTop": 4,
            },
            Object {
              "alignItems": "center",
              "flexDirection": "row",
            },
          ]
        }
      />
    </View>
    <View
      testID="modal"
    />
    <View
      accessible={true}
      focusable={true}
      onClick={[Function]}
      onResponderGrant={[Function]}
      onResponderMove={[Function]}
      onResponderRelease={[Function]}
      onResponderTerminate={[Function]}
      onResponderTerminationRequest={[Function]}
      onStartShouldSetResponder={[Function]}
      style={
        Object {
          "alignItems": "center",
          "backgroundColor": "rgba(143, 155, 179, 0.24)",
          "borderColor": "rgba(143, 155, 179, 0.24)",
          "borderRadius": 4,
          "borderWidth": 1,
          "flexDirection": "row",
          "justifyContent": "center",
          "minHeight": 40,
          "minWidth": 40,
          "opacity": 1,
          "paddingHorizontal": 10,
          "paddingVertical": 12,
        }
      }
      testID="sub_Button"
    >
      <Text
        appearance="default"
        category="p1"
        style={
          Array [
            Object {
              "color": "#222B45",
              "fontFamily": "System",
              "fontSize": 15,
              "fontWeight": "400",
            },
            Object {
              "color": "rgba(143, 155, 179, 0.48)",
              "fontFamily": "System",
              "fontSize": 14,
              "fontWeight": "bold",
              "marginHorizontal": 10,
            },
          ]
        }
      >
        Submit
      </Text>
    </View>
    <View
      accessible={true}
      focusable={true}
      onClick={[Function]}
      onResponderGrant={[Function]}
      onResponderMove={[Function]}
      onResponderRelease={[Function]}
      onResponderTerminate={[Function]}
      onResponderTerminationRequest={[Function]}
      onStartShouldSetResponder={[Function]}
      style={
        Object {
          "alignItems": "center",
          "backgroundColor": "#3366FF",
          "borderColor": "#3366FF",
          "borderRadius": 4,
          "borderWidth": 1,
          "flexDirection": "row",
          "justifyContent": "center",
          "minHeight": 40,
          "minWidth": 40,
          "opacity": 1,
          "paddingHorizontal": 10,
          "paddingVertical": 12,
        }
      }
      testID="return_Button"
    >
      <Text
        appearance="default"
        category="p1"
        style={
          Array [
            Object {
              "color": "#222B45",
              "fontFamily": "System",
              "fontSize": 15,
              "fontWeight": "400",
            },
            Object {
              "color": "#FFFFFF",
              "fontFamily": "System",
              "fontSize": 14,
              "fontWeight": "bold",
              "marginHorizontal": 10,
            },
          ]
        }
      >
        I already have an account
      </Text>
    </View>
  </View>
</View>
`;
